[TypeError: _fs.promises.statfs is not a function]
 ⨯ unhandledRejection:  [TypeError: _fs.promises.statfs is not a function]
 ⨯ unhandledRejection:  [TypeError: _fs.promises.statfs is not a function]
[TypeError: _fs.promises.statfs is not a function]
 ⨯ unhandledRejection:  [TypeError: _fs.promises.statfs is not a function]
 ⨯ unhandledRejection:  [TypeError: _fs.promises.statfs is not a function]
 ⨯ Failed to write image to cache 9nO8L7RGEIRYJmVhgR2DL5h0D3Uto2cePucGegenFBs [TypeError: _fs.promises.statfs is not a function]
[TypeError: _fs.promises.statfs is not a function]
 ⨯ unhandledRejection:  [TypeError: _fs.promises.statfs is not a function]
 ⨯ unhandledRejection:  [TypeError: _fs.promises.statfs is not a function]
 ⨯ Failed to write image to cache e-3J64mHSguGk_RrHDE9Kcnbkp5dU53EfM43V24CjQE [TypeError: _fs.promises.statfs is not a function]
 ⨯ Error: Access denied for user 'fertilem_criadmin'@'localhost' to database 'fertilem_creative'
    at j (.next/server/chunks/62.js:1:1638)
    at o (.next/server/pages/blog.js:1:2298) {
  code: 'ER_DBACCESS_DENIED_ERROR',
  errno: 1044,
  sqlState: '42000',
  sqlMessage: "Access denied for user 'fertilem_criadmin'@'localhost' to database 'fertilem_creative'",
  sql: undefined
}
 ⨯ Error: Access denied for user 'fertilem_criadmin'@'localhost' to database 'fertilem_creative'
    at j (.next/server/chunks/62.js:1:1638)
    at o (.next/server/pages/blog.js:1:2298) {
  code: 'ER_DBACCESS_DENIED_ERROR',
  errno: 1044,
  sqlState: '42000',
  sqlMessage: "Access denied for user 'fertilem_criadmin'@'localhost' to database 'fertilem_creative'",
  sql: undefined
}
 ⨯ Error: Access denied for user 'fertilem_criadmin'@'localhost' to database 'fertilem_creative'
    at j (.next/server/chunks/62.js:1:1638)
    at o (.next/server/pages/blog.js:1:2298) {
  code: 'ER_DBACCESS_DENIED_ERROR',
  errno: 1044,
  sqlState: '42000',
  sqlMessage: "Access denied for user 'fertilem_criadmin'@'localhost' to database 'fertilem_creative'",
  sql: undefined
}
 ⨯ Error: Access denied for user 'fertilem_criadmin'@'localhost' to database 'fertilem_creative'
    at j (.next/server/chunks/62.js:1:1638)
    at o (.next/server/pages/blog.js:1:2298) {
  code: 'ER_DBACCESS_DENIED_ERROR',
  errno: 1044,
  sqlState: '42000',
  sqlMessage: "Access denied for user 'fertilem_criadmin'@'localhost' to database 'fertilem_creative'",
  sql: undefined
}
 ⨯ Error: Access denied for user 'fertilem_criadmin'@'localhost' to database 'fertilem_creative'
    at j (.next/server/chunks/62.js:1:1638)
    at o (.next/server/pages/blog.js:1:2298) {
  code: 'ER_DBACCESS_DENIED_ERROR',
  errno: 1044,
  sqlState: '42000',
  sqlMessage: "Access denied for user 'fertilem_criadmin'@'localhost' to database 'fertilem_creative'",
  sql: undefined
}
 ⨯ Error: Access denied for user 'fertilem_criadmin'@'localhost' to database 'fertilem_creative'
    at j (.next/server/chunks/62.js:1:1638)
    at o (.next/server/pages/blog.js:1:2298) {
  code: 'ER_DBACCESS_DENIED_ERROR',
  errno: 1044,
  sqlState: '42000',
  sqlMessage: "Access denied for user 'fertilem_criadmin'@'localhost' to database 'fertilem_creative'",
  sql: undefined
}
 ⨯ Error: Access denied for user 'fertilem_criadmin'@'localhost' to database 'fertilem_creative'
    at j (.next/server/chunks/62.js:1:1638)
    at o (.next/server/pages/blog.js:1:2298) {
  code: 'ER_DBACCESS_DENIED_ERROR',
  errno: 1044,
  sqlState: '42000',
  sqlMessage: "Access denied for user 'fertilem_criadmin'@'localhost' to database 'fertilem_creative'",
  sql: undefined
}
 ⨯ Error: Access denied for user 'fertilem_criadmin'@'localhost' to database 'fertilem_creative'
    at j (.next/server/chunks/62.js:1:1638)
    at o (.next/server/pages/blog.js:1:2298) {
  code: 'ER_DBACCESS_DENIED_ERROR',
  errno: 1044,
  sqlState: '42000',
  sqlMessage: "Access denied for user 'fertilem_criadmin'@'localhost' to database 'fertilem_creative'",
  sql: undefined
}
 ⨯ Error: Access denied for user 'fertilem_criadmin'@'localhost' to database 'fertilem_creative'
    at j (.next/server/chunks/62.js:1:1638)
    at o (.next/server/pages/blog.js:1:2298) {
  code: 'ER_DBACCESS_DENIED_ERROR',
  errno: 1044,
  sqlState: '42000',
  sqlMessage: "Access denied for user 'fertilem_criadmin'@'localhost' to database 'fertilem_creative'",
  sql: undefined
}
 ⨯ Error: Access denied for user 'fertilem_criadmin'@'localhost' to database 'fertilem_creative'
    at j (.next/server/chunks/62.js:1:1638)
    at o (.next/server/pages/blog.js:1:2298) {
  code: 'ER_DBACCESS_DENIED_ERROR',
  errno: 1044,
  sqlState: '42000',
  sqlMessage: "Access denied for user 'fertilem_criadmin'@'localhost' to database 'fertilem_creative'",
  sql: undefined
}
 ⨯ Error: Access denied for user 'fertilem_criadmin'@'localhost' to database 'fertilem_creative'
    at j (.next/server/chunks/62.js:1:1638)
    at o (.next/server/pages/blog.js:1:2298) {
  code: 'ER_DBACCESS_DENIED_ERROR',
  errno: 1044,
  sqlState: '42000',
  sqlMessage: "Access denied for user 'fertilem_criadmin'@'localhost' to database 'fertilem_creative'",
  sql: undefined
}
 ⨯ Error: Access denied for user 'fertilem_criadmin'@'localhost' to database 'fertilem_creative'
    at j (.next/server/chunks/62.js:1:1638)
    at o (.next/server/pages/blog.js:1:2298) {
  code: 'ER_DBACCESS_DENIED_ERROR',
  errno: 1044,
  sqlState: '42000',
  sqlMessage: "Access denied for user 'fertilem_criadmin'@'localhost' to database 'fertilem_creative'",
  sql: undefined
}
[TypeError: _fs.promises.statfs is not a function]
 ⨯ unhandledRejection:  [TypeError: _fs.promises.statfs is not a function]
 ⨯ unhandledRejection:  [TypeError: _fs.promises.statfs is not a function]
[TypeError: _fs.promises.statfs is not a function]
 ⨯ unhandledRejection:  [TypeError: _fs.promises.statfs is not a function]
 ⨯ unhandledRejection:  [TypeError: _fs.promises.statfs is not a function]
 ⨯ Failed to write image to cache 9nO8L7RGEIRYJmVhgR2DL5h0D3Uto2cePucGegenFBs [TypeError: _fs.promises.statfs is not a function]
 ⨯ Error: Access denied for user 'fertilem_criadmin'@'localhost' to database 'fertilem_creative'
    at j (.next/server/chunks/62.js:1:1638)
    at o (.next/server/pages/blog.js:1:2298) {
  code: 'ER_DBACCESS_DENIED_ERROR',
  errno: 1044,
  sqlState: '42000',
  sqlMessage: "Access denied for user 'fertilem_criadmin'@'localhost' to database 'fertilem_creative'",
  sql: undefined
}
 ⨯ Error: Access denied for user 'fertilem_criadmin'@'localhost' to database 'fertilem_creative'
    at j (.next/server/chunks/62.js:1:1638)
    at o (.next/server/pages/blog.js:1:2298) {
  code: 'ER_DBACCESS_DENIED_ERROR',
  errno: 1044,
  sqlState: '42000',
  sqlMessage: "Access denied for user 'fertilem_criadmin'@'localhost' to database 'fertilem_creative'",
  sql: undefined
}
[TypeError: _fs.promises.statfs is not a function]
 ⨯ unhandledRejection:  [TypeError: _fs.promises.statfs is not a function]
 ⨯ unhandledRejection:  [TypeError: _fs.promises.statfs is not a function]
[TypeError: _fs.promises.statfs is not a function]
 ⨯ unhandledRejection:  [TypeError: _fs.promises.statfs is not a function]
 ⨯ unhandledRejection:  [TypeError: _fs.promises.statfs is not a function]
[TypeError: _fs.promises.statfs is not a function]
 ⨯ unhandledRejection:  [TypeError: _fs.promises.statfs is not a function]
 ⨯ unhandledRejection:  [TypeError: _fs.promises.statfs is not a function]
 ⨯ Failed to write image to cache 9nO8L7RGEIRYJmVhgR2DL5h0D3Uto2cePucGegenFBs [TypeError: _fs.promises.statfs is not a function]
[TypeError: _fs.promises.statfs is not a function]
 ⨯ unhandledRejection:  [TypeError: _fs.promises.statfs is not a function]
 ⨯ unhandledRejection:  [TypeError: _fs.promises.statfs is not a function]
 ⨯ Failed to write image to cache e-3J64mHSguGk_RrHDE9Kcnbkp5dU53EfM43V24CjQE [TypeError: _fs.promises.statfs is not a function]
 ⨯ Error: Access denied for user 'fertilem_criadmin'@'localhost' to database 'fertilem_creative'
    at j (.next/server/chunks/62.js:1:1638)
    at o (.next/server/pages/blog.js:1:2298) {
  code: 'ER_DBACCESS_DENIED_ERROR',
  errno: 1044,
  sqlState: '42000',
  sqlMessage: "Access denied for user 'fertilem_criadmin'@'localhost' to database 'fertilem_creative'",
  sql: undefined
}
 ⨯ Error: Access denied for user 'fertilem_criadmin'@'localhost' to database 'fertilem_creative'
    at j (.next/server/chunks/62.js:1:1638)
    at o (.next/server/pages/blog.js:1:2298) {
  code: 'ER_DBACCESS_DENIED_ERROR',
  errno: 1044,
  sqlState: '42000',
  sqlMessage: "Access denied for user 'fertilem_criadmin'@'localhost' to database 'fertilem_creative'",
  sql: undefined
}
 ⨯ Error: Access denied for user 'fertilem_criadmin'@'localhost' to database 'fertilem_creative'
    at j (.next/server/chunks/62.js:1:1638)
    at o (.next/server/pages/blog.js:1:2298) {
  code: 'ER_DBACCESS_DENIED_ERROR',
  errno: 1044,
  sqlState: '42000',
  sqlMessage: "Access denied for user 'fertilem_criadmin'@'localhost' to database 'fertilem_creative'",
  sql: undefined
}
 ⨯ Error: Access denied for user 'fertilem_criadmin'@'localhost' to database 'fertilem_creative'
    at j (.next/server/chunks/62.js:1:1638)
    at o (.next/server/pages/blog.js:1:2298) {
  code: 'ER_DBACCESS_DENIED_ERROR',
  errno: 1044,
  sqlState: '42000',
  sqlMessage: "Access denied for user 'fertilem_criadmin'@'localhost' to database 'fertilem_creative'",
  sql: undefined
}
[TypeError: _fs.promises.statfs is not a function]
 ⨯ unhandledRejection:  [TypeError: _fs.promises.statfs is not a function]
 ⨯ unhandledRejection:  [TypeError: _fs.promises.statfs is not a function]
[TypeError: _fs.promises.statfs is not a function]
 ⨯ unhandledRejection:  [TypeError: _fs.promises.statfs is not a function]
 ⨯ unhandledRejection:  [TypeError: _fs.promises.statfs is not a function]
[TypeError: _fs.promises.statfs is not a function]
 ⨯ unhandledRejection:  [TypeError: _fs.promises.statfs is not a function]
 ⨯ unhandledRejection:  [TypeError: _fs.promises.statfs is not a function]
[TypeError: _fs.promises.statfs is not a function]
 ⨯ unhandledRejection:  [TypeError: _fs.promises.statfs is not a function]
 ⨯ unhandledRejection:  [TypeError: _fs.promises.statfs is not a function]
 ⨯ Failed to write image to cache 9nO8L7RGEIRYJmVhgR2DL5h0D3Uto2cePucGegenFBs [TypeError: _fs.promises.statfs is not a function]
[TypeError: _fs.promises.statfs is not a function]
 ⨯ unhandledRejection:  [TypeError: _fs.promises.statfs is not a function]
 ⨯ unhandledRejection:  [TypeError: _fs.promises.statfs is not a function]
[TypeError: _fs.promises.statfs is not a function]
 ⨯ unhandledRejection:  [TypeError: _fs.promises.statfs is not a function]
 ⨯ unhandledRejection:  [TypeError: _fs.promises.statfs is not a function]
 ⨯ Failed to write image to cache 9nO8L7RGEIRYJmVhgR2DL5h0D3Uto2cePucGegenFBs [TypeError: _fs.promises.statfs is not a function]
[TypeError: _fs.promises.statfs is not a function]
 ⨯ unhandledRejection:  [TypeError: _fs.promises.statfs is not a function]
 ⨯ unhandledRejection:  [TypeError: _fs.promises.statfs is not a function]
[TypeError: _fs.promises.statfs is not a function]
 ⨯ unhandledRejection:  [TypeError: _fs.promises.statfs is not a function]
 ⨯ unhandledRejection:  [TypeError: _fs.promises.statfs is not a function]
[TypeError: _fs.promises.statfs is not a function]
 ⨯ unhandledRejection:  [TypeError: _fs.promises.statfs is not a function]
 ⨯ unhandledRejection:  [TypeError: _fs.promises.statfs is not a function]
[TypeError: _fs.promises.statfs is not a function]
 ⨯ unhandledRejection:  [TypeError: _fs.promises.statfs is not a function]
 ⨯ unhandledRejection:  [TypeError: _fs.promises.statfs is not a function]
[TypeError: _fs.promises.statfs is not a function]
 ⨯ unhandledRejection:  [TypeError: _fs.promises.statfs is not a function]
 ⨯ unhandledRejection:  [TypeError: _fs.promises.statfs is not a function]
[TypeError: _fs.promises.statfs is not a function]
 ⨯ unhandledRejection:  [TypeError: _fs.promises.statfs is not a function]
 ⨯ unhandledRejection:  [TypeError: _fs.promises.statfs is not a function]
 ⨯ Error: Access denied for user 'fertilem_criadmin'@'localhost' to database 'fertilem_creative'
    at j (.next/server/chunks/62.js:1:1638)
    at o (.next/server/pages/blog.js:1:2298) {
  code: 'ER_DBACCESS_DENIED_ERROR',
  errno: 1044,
  sqlState: '42000',
  sqlMessage: "Access denied for user 'fertilem_criadmin'@'localhost' to database 'fertilem_creative'",
  sql: undefined
}
 ⨯ Error: Access denied for user 'fertilem_criadmin'@'localhost' to database 'fertilem_creative'
    at j (.next/server/chunks/62.js:1:1638)
    at o (.next/server/pages/blog.js:1:2298) {
  code: 'ER_DBACCESS_DENIED_ERROR',
  errno: 1044,
  sqlState: '42000',
  sqlMessage: "Access denied for user 'fertilem_criadmin'@'localhost' to database 'fertilem_creative'",
  sql: undefined
}
 ⨯ Error: Access denied for user 'fertilem_criadmin'@'localhost' to database 'fertilem_creative'
    at j (.next/server/chunks/62.js:1:1638)
    at o (.next/server/pages/blog.js:1:2298) {
  code: 'ER_DBACCESS_DENIED_ERROR',
  errno: 1044,
  sqlState: '42000',
  sqlMessage: "Access denied for user 'fertilem_criadmin'@'localhost' to database 'fertilem_creative'",
  sql: undefined
}
 ⨯ Error: Access denied for user 'fertilem_criadmin'@'localhost' to database 'fertilem_creative'
    at j (.next/server/chunks/62.js:1:1638)
    at o (.next/server/pages/blog.js:1:2298) {
  code: 'ER_DBACCESS_DENIED_ERROR',
  errno: 1044,
  sqlState: '42000',
  sqlMessage: "Access denied for user 'fertilem_criadmin'@'localhost' to database 'fertilem_creative'",
  sql: undefined
}
 ⨯ Error: Access denied for user 'fertilem_criadmin'@'localhost' to database 'fertilem_creative'
    at j (.next/server/chunks/62.js:1:1638)
    at o (.next/server/pages/blog.js:1:2298) {
  code: 'ER_DBACCESS_DENIED_ERROR',
  errno: 1044,
  sqlState: '42000',
  sqlMessage: "Access denied for user 'fertilem_criadmin'@'localhost' to database 'fertilem_creative'",
  sql: undefined
}
 ⨯ Error: Access denied for user 'fertilem_criadmin'@'localhost' to database 'fertilem_creative'
    at j (.next/server/chunks/62.js:1:1638)
    at o (.next/server/pages/blog.js:1:2298) {
  code: 'ER_DBACCESS_DENIED_ERROR',
  errno: 1044,
  sqlState: '42000',
  sqlMessage: "Access denied for user 'fertilem_criadmin'@'localhost' to database 'fertilem_creative'",
  sql: undefined
}
 ⨯ Error: Access denied for user 'fertilem_criadmin'@'localhost' to database 'fertilem_creative'
    at j (.next/server/chunks/62.js:1:1638)
    at o (.next/server/pages/blog.js:1:2298) {
  code: 'ER_DBACCESS_DENIED_ERROR',
  errno: 1044,
  sqlState: '42000',
  sqlMessage: "Access denied for user 'fertilem_criadmin'@'localhost' to database 'fertilem_creative'",
  sql: undefined
}
 ⨯ Error: Access denied for user 'fertilem_criadmin'@'localhost' to database 'fertilem_creative'
    at j (.next/server/chunks/62.js:1:1638)
    at o (.next/server/pages/blog.js:1:2298) {
  code: 'ER_DBACCESS_DENIED_ERROR',
  errno: 1044,
  sqlState: '42000',
  sqlMessage: "Access denied for user 'fertilem_criadmin'@'localhost' to database 'fertilem_creative'",
  sql: undefined
}
[TypeError: _fs.promises.statfs is not a function]
 ⨯ unhandledRejection:  [TypeError: _fs.promises.statfs is not a function]
 ⨯ unhandledRejection:  [TypeError: _fs.promises.statfs is not a function]
[TypeError: _fs.promises.statfs is not a function]
 ⨯ unhandledRejection:  [TypeError: _fs.promises.statfs is not a function]
 ⨯ unhandledRejection:  [TypeError: _fs.promises.statfs is not a function]
[TypeError: _fs.promises.statfs is not a function]
 ⨯ unhandledRejection:  [TypeError: _fs.promises.statfs is not a function]
 ⨯ unhandledRejection:  [TypeError: _fs.promises.statfs is not a function]
[TypeError: _fs.promises.statfs is not a function]
 ⨯ unhandledRejection:  [TypeError: _fs.promises.statfs is not a function]
 ⨯ unhandledRejection:  [TypeError: _fs.promises.statfs is not a function]
[TypeError: _fs.promises.statfs is not a function]
 ⨯ unhandledRejection:  [TypeError: _fs.promises.statfs is not a function]
 ⨯ unhandledRejection:  [TypeError: _fs.promises.statfs is not a function]
[TypeError: _fs.promises.statfs is not a function]
 ⨯ unhandledRejection:  [TypeError: _fs.promises.statfs is not a function]
 ⨯ unhandledRejection:  [TypeError: _fs.promises.statfs is not a function]
[TypeError: _fs.promises.statfs is not a function]
 ⨯ unhandledRejection:  [TypeError: _fs.promises.statfs is not a function]
 ⨯ unhandledRejection:  [TypeError: _fs.promises.statfs is not a function]
[TypeError: _fs.promises.statfs is not a function]
 ⨯ unhandledRejection:  [TypeError: _fs.promises.statfs is not a function]
 ⨯ unhandledRejection:  [TypeError: _fs.promises.statfs is not a function]
 ⨯ Error: Access denied for user 'fertilem_criadmin'@'localhost' to database 'fertilem_creative'
    at j (.next/server/chunks/62.js:1:1638)
    at o (.next/server/pages/blog.js:1:2298) {
  code: 'ER_DBACCESS_DENIED_ERROR',
  errno: 1044,
  sqlState: '42000',
  sqlMessage: "Access denied for user 'fertilem_criadmin'@'localhost' to database 'fertilem_creative'",
  sql: undefined
}
 ⨯ Error: Access denied for user 'fertilem_criadmin'@'localhost' to database 'fertilem_creative'
    at j (.next/server/chunks/62.js:1:1638)
    at o (.next/server/pages/blog.js:1:2298) {
  code: 'ER_DBACCESS_DENIED_ERROR',
  errno: 1044,
  sqlState: '42000',
  sqlMessage: "Access denied for user 'fertilem_criadmin'@'localhost' to database 'fertilem_creative'",
  sql: undefined
}
 ⨯ Error: Access denied for user 'fertilem_criadmin'@'localhost' to database 'fertilem_creative'
    at j (.next/server/chunks/62.js:1:1638)
    at o (.next/server/pages/blog.js:1:2298) {
  code: 'ER_DBACCESS_DENIED_ERROR',
  errno: 1044,
  sqlState: '42000',
  sqlMessage: "Access denied for user 'fertilem_criadmin'@'localhost' to database 'fertilem_creative'",
  sql: undefined
}
 ⨯ Error: Access denied for user 'fertilem_criadmin'@'localhost' to database 'fertilem_creative'
    at j (.next/server/chunks/62.js:1:1638)
    at o (.next/server/pages/blog.js:1:2298) {
  code: 'ER_DBACCESS_DENIED_ERROR',
  errno: 1044,
  sqlState: '42000',
  sqlMessage: "Access denied for user 'fertilem_criadmin'@'localhost' to database 'fertilem_creative'",
  sql: undefined
}
[TypeError: _fs.promises.statfs is not a function]
 ⨯ unhandledRejection:  [TypeError: _fs.promises.statfs is not a function]
 ⨯ unhandledRejection:  [TypeError: _fs.promises.statfs is not a function]
[TypeError: _fs.promises.statfs is not a function]
 ⨯ unhandledRejection:  [TypeError: _fs.promises.statfs is not a function]
 ⨯ unhandledRejection:  [TypeError: _fs.promises.statfs is not a function]
[TypeError: _fs.promises.statfs is not a function]
 ⨯ unhandledRejection:  [TypeError: _fs.promises.statfs is not a function]
 ⨯ unhandledRejection:  [TypeError: _fs.promises.statfs is not a function]
[TypeError: _fs.promises.statfs is not a function]
 ⨯ unhandledRejection:  [TypeError: _fs.promises.statfs is not a function]
 ⨯ unhandledRejection:  [TypeError: _fs.promises.statfs is not a function]
[TypeError: _fs.promises.statfs is not a function]
 ⨯ unhandledRejection:  [TypeError: _fs.promises.statfs is not a function]
 ⨯ unhandledRejection:  [TypeError: _fs.promises.statfs is not a function]
[TypeError: _fs.promises.statfs is not a function]
 ⨯ unhandledRejection:  [TypeError: _fs.promises.statfs is not a function]
 ⨯ unhandledRejection:  [TypeError: _fs.promises.statfs is not a function]
[TypeError: _fs.promises.statfs is not a function]
 ⨯ unhandledRejection:  [TypeError: _fs.promises.statfs is not a function]
 ⨯ unhandledRejection:  [TypeError: _fs.promises.statfs is not a function]
[TypeError: _fs.promises.statfs is not a function]
 ⨯ unhandledRejection:  [TypeError: _fs.promises.statfs is not a function]
 ⨯ unhandledRejection:  [TypeError: _fs.promises.statfs is not a function]
 ⨯ Failed to write image to cache 9nO8L7RGEIRYJmVhgR2DL5h0D3Uto2cePucGegenFBs [TypeError: _fs.promises.statfs is not a function]
[TypeError: _fs.promises.statfs is not a function]
 ⨯ unhandledRejection:  [TypeError: _fs.promises.statfs is not a function]
 ⨯ unhandledRejection:  [TypeError: _fs.promises.statfs is not a function]
 ⨯ Failed to write image to cache e-3J64mHSguGk_RrHDE9Kcnbkp5dU53EfM43V24CjQE [TypeError: _fs.promises.statfs is not a function]
 ⨯ Error: Access denied for user 'fertilem_criadmin'@'localhost' to database 'fertilem_creative'
    at j (.next/server/chunks/62.js:1:1638)
    at o (.next/server/pages/blog.js:1:2298) {
  code: 'ER_DBACCESS_DENIED_ERROR',
  errno: 1044,
  sqlState: '42000',
  sqlMessage: "Access denied for user 'fertilem_criadmin'@'localhost' to database 'fertilem_creative'",
  sql: undefined
}
 ⨯ Error: Access denied for user 'fertilem_criadmin'@'localhost' to database 'fertilem_creative'
    at j (.next/server/chunks/62.js:1:1638)
    at o (.next/server/pages/blog.js:1:2298) {
  code: 'ER_DBACCESS_DENIED_ERROR',
  errno: 1044,
  sqlState: '42000',
  sqlMessage: "Access denied for user 'fertilem_criadmin'@'localhost' to database 'fertilem_creative'",
  sql: undefined
}
 ⨯ Error: Access denied for user 'fertilem_criadmin'@'localhost' to database 'fertilem_creative'
    at j (.next/server/chunks/62.js:1:1638)
    at o (.next/server/pages/blog.js:1:2298) {
  code: 'ER_DBACCESS_DENIED_ERROR',
  errno: 1044,
  sqlState: '42000',
  sqlMessage: "Access denied for user 'fertilem_criadmin'@'localhost' to database 'fertilem_creative'",
  sql: undefined
}
 ⨯ Error: Access denied for user 'fertilem_criadmin'@'localhost' to database 'fertilem_creative'
    at j (.next/server/chunks/62.js:1:1638)
    at o (.next/server/pages/blog.js:1:2298) {
  code: 'ER_DBACCESS_DENIED_ERROR',
  errno: 1044,
  sqlState: '42000',
  sqlMessage: "Access denied for user 'fertilem_criadmin'@'localhost' to database 'fertilem_creative'",
  sql: undefined
}
[TypeError: _fs.promises.statfs is not a function]
 ⨯ unhandledRejection:  [TypeError: _fs.promises.statfs is not a function]
 ⨯ unhandledRejection:  [TypeError: _fs.promises.statfs is not a function]
[TypeError: _fs.promises.statfs is not a function]
 ⨯ unhandledRejection:  [TypeError: _fs.promises.statfs is not a function]
 ⨯ unhandledRejection:  [TypeError: _fs.promises.statfs is not a function]
 ⨯ Failed to write image to cache e-3J64mHSguGk_RrHDE9Kcnbkp5dU53EfM43V24CjQE [TypeError: _fs.promises.statfs is not a function]
 ⨯ Error: Access denied for user 'fertilem_criadmin'@'localhost' to database 'fertilem_creative'
    at j (.next/server/chunks/62.js:1:1638)
    at o (.next/server/pages/blog.js:1:2298) {
  code: 'ER_DBACCESS_DENIED_ERROR',
  errno: 1044,
  sqlState: '42000',
  sqlMessage: "Access denied for user 'fertilem_criadmin'@'localhost' to database 'fertilem_creative'",
  sql: undefined
}
 ⨯ Error: Access denied for user 'fertilem_criadmin'@'localhost' to database 'fertilem_creative'
    at j (.next/server/chunks/62.js:1:1638)
    at o (.next/server/pages/blog.js:1:2298) {
  code: 'ER_DBACCESS_DENIED_ERROR',
  errno: 1044,
  sqlState: '42000',
  sqlMessage: "Access denied for user 'fertilem_criadmin'@'localhost' to database 'fertilem_creative'",
  sql: undefined
}
 ⨯ Error: Access denied for user 'fertilem_criadmin'@'localhost' to database 'fertilem_creative'
    at j (.next/server/chunks/62.js:1:1638)
    at o (.next/server/pages/blog.js:1:2298) {
  code: 'ER_DBACCESS_DENIED_ERROR',
  errno: 1044,
  sqlState: '42000',
  sqlMessage: "Access denied for user 'fertilem_criadmin'@'localhost' to database 'fertilem_creative'",
  sql: undefined
}
 ⨯ Error: Access denied for user 'fertilem_criadmin'@'localhost' to database 'fertilem_creative'
    at j (.next/server/chunks/62.js:1:1638)
    at o (.next/server/pages/blog.js:1:2298) {
  code: 'ER_DBACCESS_DENIED_ERROR',
  errno: 1044,
  sqlState: '42000',
  sqlMessage: "Access denied for user 'fertilem_criadmin'@'localhost' to database 'fertilem_creative'",
  sql: undefined
}
[TypeError: _fs.promises.statfs is not a function]
 ⨯ unhandledRejection:  [TypeError: _fs.promises.statfs is not a function]
 ⨯ unhandledRejection:  [TypeError: _fs.promises.statfs is not a function]
[TypeError: _fs.promises.statfs is not a function]
 ⨯ unhandledRejection:  [TypeError: _fs.promises.statfs is not a function]
 ⨯ unhandledRejection:  [TypeError: _fs.promises.statfs is not a function]
 ⨯ Failed to write image to cache 9nO8L7RGEIRYJmVhgR2DL5h0D3Uto2cePucGegenFBs [TypeError: _fs.promises.statfs is not a function]
 ⨯ Error: Access denied for user 'fertilem_criadmin'@'localhost' to database 'fertilem_creative'
    at j (.next/server/chunks/62.js:1:1638)
    at o (.next/server/pages/blog.js:1:2298) {
  code: 'ER_DBACCESS_DENIED_ERROR',
  errno: 1044,
  sqlState: '42000',
  sqlMessage: "Access denied for user 'fertilem_criadmin'@'localhost' to database 'fertilem_creative'",
  sql: undefined
}
 ⨯ Error: Access denied for user 'fertilem_criadmin'@'localhost' to database 'fertilem_creative'
    at j (.next/server/chunks/62.js:1:1638)
    at o (.next/server/pages/blog.js:1:2298) {
  code: 'ER_DBACCESS_DENIED_ERROR',
  errno: 1044,
  sqlState: '42000',
  sqlMessage: "Access denied for user 'fertilem_criadmin'@'localhost' to database 'fertilem_creative'",
  sql: undefined
}
[TypeError: _fs.promises.statfs is not a function]
 ⨯ unhandledRejection:  [TypeError: _fs.promises.statfs is not a function]
 ⨯ unhandledRejection:  [TypeError: _fs.promises.statfs is not a function]
[TypeError: _fs.promises.statfs is not a function]
 ⨯ unhandledRejection:  [TypeError: _fs.promises.statfs is not a function]
 ⨯ unhandledRejection:  [TypeError: _fs.promises.statfs is not a function]
 ⨯ Error: Access denied for user 'fertilem_criadmin'@'localhost' to database 'fertilem_creative'
    at j (.next/server/chunks/62.js:1:1638)
    at o (.next/server/pages/blog.js:1:2298) {
  code: 'ER_DBACCESS_DENIED_ERROR',
  errno: 1044,
  sqlState: '42000',
  sqlMessage: "Access denied for user 'fertilem_criadmin'@'localhost' to database 'fertilem_creative'",
  sql: undefined
}
 ⨯ Error: Access denied for user 'fertilem_criadmin'@'localhost' to database 'fertilem_creative'
    at j (.next/server/chunks/62.js:1:1638)
    at o (.next/server/pages/blog.js:1:2298) {
  code: 'ER_DBACCESS_DENIED_ERROR',
  errno: 1044,
  sqlState: '42000',
  sqlMessage: "Access denied for user 'fertilem_criadmin'@'localhost' to database 'fertilem_creative'",
  sql: undefined
}
 ⨯ Failed to write image to cache 9nO8L7RGEIRYJmVhgR2DL5h0D3Uto2cePucGegenFBs [TypeError: _fs.promises.statfs is not a function]
[TypeError: _fs.promises.statfs is not a function]
 ⨯ unhandledRejection:  [TypeError: _fs.promises.statfs is not a function]
 ⨯ unhandledRejection:  [TypeError: _fs.promises.statfs is not a function]
[TypeError: _fs.promises.statfs is not a function]
 ⨯ unhandledRejection:  [TypeError: _fs.promises.statfs is not a function]
 ⨯ unhandledRejection:  [TypeError: _fs.promises.statfs is not a function]
 ⨯ Failed to write image to cache 9nO8L7RGEIRYJmVhgR2DL5h0D3Uto2cePucGegenFBs [TypeError: _fs.promises.statfs is not a function]
[TypeError: _fs.promises.statfs is not a function]
 ⨯ unhandledRejection:  [TypeError: _fs.promises.statfs is not a function]
 ⨯ unhandledRejection:  [TypeError: _fs.promises.statfs is not a function]
[TypeError: _fs.promises.statfs is not a function]
 ⨯ unhandledRejection:  [TypeError: _fs.promises.statfs is not a function]
 ⨯ unhandledRejection:  [TypeError: _fs.promises.statfs is not a function]
 ⨯ Failed to write image to cache 9nO8L7RGEIRYJmVhgR2DL5h0D3Uto2cePucGegenFBs [TypeError: _fs.promises.statfs is not a function]
[TypeError: _fs.promises.statfs is not a function]
 ⨯ unhandledRejection:  [TypeError: _fs.promises.statfs is not a function]
 ⨯ unhandledRejection:  [TypeError: _fs.promises.statfs is not a function]
[TypeError: _fs.promises.statfs is not a function]
 ⨯ unhandledRejection:  [TypeError: _fs.promises.statfs is not a function]
 ⨯ unhandledRejection:  [TypeError: _fs.promises.statfs is not a function]
 ⨯ Failed to write image to cache e-3J64mHSguGk_RrHDE9Kcnbkp5dU53EfM43V24CjQE [TypeError: _fs.promises.statfs is not a function]
[TypeError: _fs.promises.statfs is not a function]
 ⨯ unhandledRejection:  [TypeError: _fs.promises.statfs is not a function]
 ⨯ unhandledRejection:  [TypeError: _fs.promises.statfs is not a function]
[TypeError: _fs.promises.statfs is not a function]
 ⨯ unhandledRejection:  [TypeError: _fs.promises.statfs is not a function]
 ⨯ unhandledRejection:  [TypeError: _fs.promises.statfs is not a function]
 ⨯ Failed to write image to cache 9nO8L7RGEIRYJmVhgR2DL5h0D3Uto2cePucGegenFBs [TypeError: _fs.promises.statfs is not a function]
[TypeError: _fs.promises.statfs is not a function]
 ⨯ unhandledRejection:  [TypeError: _fs.promises.statfs is not a function]
 ⨯ unhandledRejection:  [TypeError: _fs.promises.statfs is not a function]
[TypeError: _fs.promises.statfs is not a function]
 ⨯ unhandledRejection:  [TypeError: _fs.promises.statfs is not a function]
 ⨯ unhandledRejection:  [TypeError: _fs.promises.statfs is not a function]
 ⨯ Failed to write image to cache 9nO8L7RGEIRYJmVhgR2DL5h0D3Uto2cePucGegenFBs [TypeError: _fs.promises.statfs is not a function]
[TypeError: _fs.promises.statfs is not a function]
 ⨯ unhandledRejection:  [TypeError: _fs.promises.statfs is not a function]
 ⨯ unhandledRejection:  [TypeError: _fs.promises.statfs is not a function]
[TypeError: _fs.promises.statfs is not a function]
 ⨯ unhandledRejection:  [TypeError: _fs.promises.statfs is not a function]
 ⨯ unhandledRejection:  [TypeError: _fs.promises.statfs is not a function]
 ⨯ Failed to write image to cache e-3J64mHSguGk_RrHDE9Kcnbkp5dU53EfM43V24CjQE [TypeError: _fs.promises.statfs is not a function]
[TypeError: _fs.promises.statfs is not a function]
 ⨯ unhandledRejection:  [TypeError: _fs.promises.statfs is not a function]
 ⨯ unhandledRejection:  [TypeError: _fs.promises.statfs is not a function]
[TypeError: _fs.promises.statfs is not a function]
 ⨯ unhandledRejection:  [TypeError: _fs.promises.statfs is not a function]
 ⨯ unhandledRejection:  [TypeError: _fs.promises.statfs is not a function]
 ⨯ Failed to write image to cache 9nO8L7RGEIRYJmVhgR2DL5h0D3Uto2cePucGegenFBs [TypeError: _fs.promises.statfs is not a function]
[TypeError: _fs.promises.statfs is not a function]
 ⨯ unhandledRejection:  [TypeError: _fs.promises.statfs is not a function]
 ⨯ unhandledRejection:  [TypeError: _fs.promises.statfs is not a function]
[TypeError: _fs.promises.statfs is not a function]
 ⨯ unhandledRejection:  [TypeError: _fs.promises.statfs is not a function]
 ⨯ unhandledRejection:  [TypeError: _fs.promises.statfs is not a function]
[TypeError: _fs.promises.statfs is not a function]
 ⨯ unhandledRejection:  [TypeError: _fs.promises.statfs is not a function]
 ⨯ unhandledRejection:  [TypeError: _fs.promises.statfs is not a function]
[TypeError: _fs.promises.statfs is not a function]
 ⨯ unhandledRejection:  [TypeError: _fs.promises.statfs is not a function]
 ⨯ unhandledRejection:  [TypeError: _fs.promises.statfs is not a function]
 ⨯ Failed to write image to cache 9nO8L7RGEIRYJmVhgR2DL5h0D3Uto2cePucGegenFBs [TypeError: _fs.promises.statfs is not a function]
[TypeError: _fs.promises.statfs is not a function]
 ⨯ unhandledRejection:  [TypeError: _fs.promises.statfs is not a function]
 ⨯ unhandledRejection:  [TypeError: _fs.promises.statfs is not a function]
[TypeError: _fs.promises.statfs is not a function]
 ⨯ unhandledRejection:  [TypeError: _fs.promises.statfs is not a function]
 ⨯ unhandledRejection:  [TypeError: _fs.promises.statfs is not a function]
 ⨯ Failed to write image to cache 9nO8L7RGEIRYJmVhgR2DL5h0D3Uto2cePucGegenFBs [TypeError: _fs.promises.statfs is not a function]
[TypeError: _fs.promises.statfs is not a function]
 ⨯ unhandledRejection:  [TypeError: _fs.promises.statfs is not a function]
 ⨯ unhandledRejection:  [TypeError: _fs.promises.statfs is not a function]
[TypeError: _fs.promises.statfs is not a function]
 ⨯ unhandledRejection:  [TypeError: _fs.promises.statfs is not a function]
 ⨯ unhandledRejection:  [TypeError: _fs.promises.statfs is not a function]
 ⨯ Failed to write image to cache 9nO8L7RGEIRYJmVhgR2DL5h0D3Uto2cePucGegenFBs [TypeError: _fs.promises.statfs is not a function]
[TypeError: _fs.promises.statfs is not a function]
 ⨯ unhandledRejection:  [TypeError: _fs.promises.statfs is not a function]
 ⨯ unhandledRejection:  [TypeError: _fs.promises.statfs is not a function]
 ⨯ Failed to write image to cache e-3J64mHSguGk_RrHDE9Kcnbkp5dU53EfM43V24CjQE [TypeError: _fs.promises.statfs is not a function]
[TypeError: _fs.promises.statfs is not a function]
 ⨯ unhandledRejection:  [TypeError: _fs.promises.statfs is not a function]
 ⨯ unhandledRejection:  [TypeError: _fs.promises.statfs is not a function]
[TypeError: _fs.promises.statfs is not a function]
 ⨯ unhandledRejection:  [TypeError: _fs.promises.statfs is not a function]
 ⨯ unhandledRejection:  [TypeError: _fs.promises.statfs is not a function]
 ⨯ Failed to write image to cache 9nO8L7RGEIRYJmVhgR2DL5h0D3Uto2cePucGegenFBs [TypeError: _fs.promises.statfs is not a function]
[TypeError: _fs.promises.statfs is not a function]
 ⨯ unhandledRejection:  [TypeError: _fs.promises.statfs is not a function]
 ⨯ unhandledRejection:  [TypeError: _fs.promises.statfs is not a function]
[TypeError: _fs.promises.statfs is not a function]
 ⨯ unhandledRejection:  [TypeError: _fs.promises.statfs is not a function]
 ⨯ unhandledRejection:  [TypeError: _fs.promises.statfs is not a function]
 ⨯ Failed to write image to cache 9nO8L7RGEIRYJmVhgR2DL5h0D3Uto2cePucGegenFBs [TypeError: _fs.promises.statfs is not a function]
[TypeError: _fs.promises.statfs is not a function]
 ⨯ unhandledRejection:  [TypeError: _fs.promises.statfs is not a function]
 ⨯ unhandledRejection:  [TypeError: _fs.promises.statfs is not a function]
[TypeError: _fs.promises.statfs is not a function]
 ⨯ unhandledRejection:  [TypeError: _fs.promises.statfs is not a function]
 ⨯ unhandledRejection:  [TypeError: _fs.promises.statfs is not a function]
 ⨯ Failed to write image to cache 9nO8L7RGEIRYJmVhgR2DL5h0D3Uto2cePucGegenFBs [TypeError: _fs.promises.statfs is not a function]
[TypeError: _fs.promises.statfs is not a function]
 ⨯ unhandledRejection:  [TypeError: _fs.promises.statfs is not a function]
 ⨯ unhandledRejection:  [TypeError: _fs.promises.statfs is not a function]
[TypeError: _fs.promises.statfs is not a function]
 ⨯ unhandledRejection:  [TypeError: _fs.promises.statfs is not a function]
 ⨯ unhandledRejection:  [TypeError: _fs.promises.statfs is not a function]
[TypeError: _fs.promises.statfs is not a function]
 ⨯ unhandledRejection:  [TypeError: _fs.promises.statfs is not a function]
 ⨯ unhandledRejection:  [TypeError: _fs.promises.statfs is not a function]
 ⨯ Failed to write image to cache 9nO8L7RGEIRYJmVhgR2DL5h0D3Uto2cePucGegenFBs [TypeError: _fs.promises.statfs is not a function]
[TypeError: _fs.promises.statfs is not a function]
 ⨯ unhandledRejection:  [TypeError: _fs.promises.statfs is not a function]
 ⨯ unhandledRejection:  [TypeError: _fs.promises.statfs is not a function]
[TypeError: _fs.promises.statfs is not a function]
 ⨯ unhandledRejection:  [TypeError: _fs.promises.statfs is not a function]
 ⨯ unhandledRejection:  [TypeError: _fs.promises.statfs is not a function]
 ⨯ Failed to write image to cache h3gKLClnOd_dXiV-5tNXjB1zzOh_xaDAN7GGZR0aPV8 [TypeError: _fs.promises.statfs is not a function]
[TypeError: _fs.promises.statfs is not a function]
 ⨯ unhandledRejection:  [TypeError: _fs.promises.statfs is not a function]
 ⨯ unhandledRejection:  [TypeError: _fs.promises.statfs is not a function]
[TypeError: _fs.promises.statfs is not a function]
 ⨯ unhandledRejection:  [TypeError: _fs.promises.statfs is not a function]
 ⨯ unhandledRejection:  [TypeError: _fs.promises.statfs is not a function]
[TypeError: _fs.promises.statfs is not a function]
 ⨯ unhandledRejection:  [TypeError: _fs.promises.statfs is not a function]
 ⨯ unhandledRejection:  [TypeError: _fs.promises.statfs is not a function]
[TypeError: _fs.promises.statfs is not a function]
 ⨯ unhandledRejection:  [TypeError: _fs.promises.statfs is not a function]
 ⨯ unhandledRejection:  [TypeError: _fs.promises.statfs is not a function]
 ⨯ Failed to write image to cache 9nO8L7RGEIRYJmVhgR2DL5h0D3Uto2cePucGegenFBs [TypeError: _fs.promises.statfs is not a function]
[TypeError: _fs.promises.statfs is not a function]
 ⨯ unhandledRejection:  [TypeError: _fs.promises.statfs is not a function]
 ⨯ unhandledRejection:  [TypeError: _fs.promises.statfs is not a function]
 ⨯ Failed to write image to cache e-3J64mHSguGk_RrHDE9Kcnbkp5dU53EfM43V24CjQE [TypeError: _fs.promises.statfs is not a function]
[TypeError: _fs.promises.statfs is not a function]
 ⨯ unhandledRejection:  [TypeError: _fs.promises.statfs is not a function]
 ⨯ unhandledRejection:  [TypeError: _fs.promises.statfs is not a function]
[TypeError: _fs.promises.statfs is not a function]
 ⨯ unhandledRejection:  [TypeError: _fs.promises.statfs is not a function]
 ⨯ unhandledRejection:  [TypeError: _fs.promises.statfs is not a function]
[TypeError: _fs.promises.statfs is not a function]
 ⨯ unhandledRejection:  [TypeError: _fs.promises.statfs is not a function]
 ⨯ unhandledRejection:  [TypeError: _fs.promises.statfs is not a function]
[TypeError: _fs.promises.statfs is not a function]
 ⨯ unhandledRejection:  [TypeError: _fs.promises.statfs is not a function]
 ⨯ unhandledRejection:  [TypeError: _fs.promises.statfs is not a function]
 ⨯ Failed to write image to cache 9nO8L7RGEIRYJmVhgR2DL5h0D3Uto2cePucGegenFBs [TypeError: _fs.promises.statfs is not a function]
[TypeError: _fs.promises.statfs is not a function]
 ⨯ unhandledRejection:  [TypeError: _fs.promises.statfs is not a function]
 ⨯ unhandledRejection:  [TypeError: _fs.promises.statfs is not a function]
 ⨯ Failed to write image to cache e-3J64mHSguGk_RrHDE9Kcnbkp5dU53EfM43V24CjQE [TypeError: _fs.promises.statfs is not a function]
[TypeError: _fs.promises.statfs is not a function]
 ⨯ unhandledRejection:  [TypeError: _fs.promises.statfs is not a function]
 ⨯ unhandledRejection:  [TypeError: _fs.promises.statfs is not a function]
[TypeError: _fs.promises.statfs is not a function]
 ⨯ unhandledRejection:  [TypeError: _fs.promises.statfs is not a function]
 ⨯ unhandledRejection:  [TypeError: _fs.promises.statfs is not a function]
[TypeError: _fs.promises.statfs is not a function]
 ⨯ unhandledRejection:  [TypeError: _fs.promises.statfs is not a function]
 ⨯ unhandledRejection:  [TypeError: _fs.promises.statfs is not a function]
 ⨯ Failed to write image to cache e-3J64mHSguGk_RrHDE9Kcnbkp5dU53EfM43V24CjQE [TypeError: _fs.promises.statfs is not a function]
[TypeError: _fs.promises.statfs is not a function]
 ⨯ unhandledRejection:  [TypeError: _fs.promises.statfs is not a function]
 ⨯ unhandledRejection:  [TypeError: _fs.promises.statfs is not a function]
[TypeError: _fs.promises.statfs is not a function]
 ⨯ unhandledRejection:  [TypeError: _fs.promises.statfs is not a function]
 ⨯ Failed to write image to cache 9nO8L7RGEIRYJmVhgR2DL5h0D3Uto2cePucGegenFBs [TypeError: _fs.promises.statfs is not a function]
[TypeError: _fs.promises.statfs is not a function]
 ⨯ unhandledRejection:  [TypeError: _fs.promises.statfs is not a function]
 ⨯ unhandledRejection:  [TypeError: _fs.promises.statfs is not a function]
[TypeError: _fs.promises.statfs is not a function]
 ⨯ unhandledRejection:  [TypeError: _fs.promises.statfs is not a function]
 ⨯ unhandledRejection:  [TypeError: _fs.promises.statfs is not a function]
[TypeError: _fs.promises.statfs is not a function]
 ⨯ unhandledRejection:  [TypeError: _fs.promises.statfs is not a function]
 ⨯ unhandledRejection:  [TypeError: _fs.promises.statfs is not a function]
[TypeError: _fs.promises.statfs is not a function]
 ⨯ unhandledRejection:  [TypeError: _fs.promises.statfs is not a function]
 ⨯ unhandledRejection:  [TypeError: _fs.promises.statfs is not a function]
 ⨯ Failed to write image to cache 9nO8L7RGEIRYJmVhgR2DL5h0D3Uto2cePucGegenFBs [TypeError: _fs.promises.statfs is not a function]
[TypeError: _fs.promises.statfs is not a function]
 ⨯ unhandledRejection:  [TypeError: _fs.promises.statfs is not a function]
 ⨯ unhandledRejection:  [TypeError: _fs.promises.statfs is not a function]
[TypeError: _fs.promises.statfs is not a function]
 ⨯ unhandledRejection:  [TypeError: _fs.promises.statfs is not a function]
 ⨯ unhandledRejection:  [TypeError: _fs.promises.statfs is not a function]
 ⨯ Failed to write image to cache 9nO8L7RGEIRYJmVhgR2DL5h0D3Uto2cePucGegenFBs [TypeError: _fs.promises.statfs is not a function]
[TypeError: _fs.promises.statfs is not a function]
 ⨯ unhandledRejection:  [TypeError: _fs.promises.statfs is not a function]
 ⨯ unhandledRejection:  [TypeError: _fs.promises.statfs is not a function]
 ⨯ Failed to write image to cache e-3J64mHSguGk_RrHDE9Kcnbkp5dU53EfM43V24CjQE [TypeError: _fs.promises.statfs is not a function]
[TypeError: _fs.promises.statfs is not a function]
 ⨯ unhandledRejection:  [TypeError: _fs.promises.statfs is not a function]
 ⨯ unhandledRejection:  [TypeError: _fs.promises.statfs is not a function]
[TypeError: _fs.promises.statfs is not a function]
 ⨯ unhandledRejection:  [TypeError: _fs.promises.statfs is not a function]
 ⨯ unhandledRejection:  [TypeError: _fs.promises.statfs is not a function]
[TypeError: _fs.promises.statfs is not a function]
 ⨯ unhandledRejection:  [TypeError: _fs.promises.statfs is not a function]
 ⨯ unhandledRejection:  [TypeError: _fs.promises.statfs is not a function]
 ⨯ Failed to write image to cache YiBCryWGoXGmlsqr17cDOZDUoYplmEeo93Q3jyBNStg [TypeError: _fs.promises.statfs is not a function]
[TypeError: _fs.promises.statfs is not a function]
 ⨯ unhandledRejection:  [TypeError: _fs.promises.statfs is not a function]
 ⨯ unhandledRejection:  [TypeError: _fs.promises.statfs is not a function]
 ⨯ Failed to write image to cache Vsqv3ENYt_G5dmCx4gPtXt5CmPnMR5fPUfmv-QvF7B0 [TypeError: _fs.promises.statfs is not a function]
[TypeError: _fs.promises.statfs is not a function]
 ⨯ unhandledRejection:  [TypeError: _fs.promises.statfs is not a function]
 ⨯ unhandledRejection:  [TypeError: _fs.promises.statfs is not a function]
[TypeError: _fs.promises.statfs is not a function]
 ⨯ unhandledRejection:  [TypeError: _fs.promises.statfs is not a function]
 ⨯ unhandledRejection:  [TypeError: _fs.promises.statfs is not a function]
[TypeError: _fs.promises.statfs is not a function]
 ⨯ unhandledRejection:  [TypeError: _fs.promises.statfs is not a function]
 ⨯ unhandledRejection:  [TypeError: _fs.promises.statfs is not a function]
 ⨯ Failed to write image to cache e-3J64mHSguGk_RrHDE9Kcnbkp5dU53EfM43V24CjQE [TypeError: _fs.promises.statfs is not a function]
[TypeError: _fs.promises.statfs is not a function]
 ⨯ unhandledRejection:  [TypeError: _fs.promises.statfs is not a function]
 ⨯ unhandledRejection:  [TypeError: _fs.promises.statfs is not a function]
[TypeError: _fs.promises.statfs is not a function]
 ⨯ unhandledRejection:  [TypeError: _fs.promises.statfs is not a function]
 ⨯ unhandledRejection:  [TypeError: _fs.promises.statfs is not a function]
[TypeError: _fs.promises.statfs is not a function]
 ⨯ unhandledRejection:  [TypeError: _fs.promises.statfs is not a function]
 ⨯ unhandledRejection:  [TypeError: _fs.promises.statfs is not a function]
 ⨯ Failed to write image to cache 9nO8L7RGEIRYJmVhgR2DL5h0D3Uto2cePucGegenFBs [TypeError: _fs.promises.statfs is not a function]
[TypeError: _fs.promises.statfs is not a function]
 ⨯ unhandledRejection:  [TypeError: _fs.promises.statfs is not a function]
 ⨯ unhandledRejection:  [TypeError: _fs.promises.statfs is not a function]
 ⨯ Failed to write image to cache e-3J64mHSguGk_RrHDE9Kcnbkp5dU53EfM43V24CjQE [TypeError: _fs.promises.statfs is not a function]
[TypeError: _fs.promises.statfs is not a function]
 ⨯ unhandledRejection:  [TypeError: _fs.promises.statfs is not a function]
 ⨯ unhandledRejection:  [TypeError: _fs.promises.statfs is not a function]
[TypeError: _fs.promises.statfs is not a function]
 ⨯ unhandledRejection:  [TypeError: _fs.promises.statfs is not a function]
 ⨯ unhandledRejection:  [TypeError: _fs.promises.statfs is not a function]
 ⨯ Failed to write image to cache 9nO8L7RGEIRYJmVhgR2DL5h0D3Uto2cePucGegenFBs [TypeError: _fs.promises.statfs is not a function]
[TypeError: _fs.promises.statfs is not a function]
 ⨯ unhandledRejection:  [TypeError: _fs.promises.statfs is not a function]
 ⨯ unhandledRejection:  [TypeError: _fs.promises.statfs is not a function]
[TypeError: _fs.promises.statfs is not a function]
 ⨯ unhandledRejection:  [TypeError: _fs.promises.statfs is not a function]
 ⨯ unhandledRejection:  [TypeError: _fs.promises.statfs is not a function]
[TypeError: _fs.promises.statfs is not a function]
 ⨯ unhandledRejection:  [TypeError: _fs.promises.statfs is not a function]
 ⨯ unhandledRejection:  [TypeError: _fs.promises.statfs is not a function]
[TypeError: _fs.promises.statfs is not a function]
 ⨯ unhandledRejection:  [TypeError: _fs.promises.statfs is not a function]
 ⨯ unhandledRejection:  [TypeError: _fs.promises.statfs is not a function]
 ⨯ Failed to write image to cache 9nO8L7RGEIRYJmVhgR2DL5h0D3Uto2cePucGegenFBs [TypeError: _fs.promises.statfs is not a function]
[TypeError: _fs.promises.statfs is not a function]
 ⨯ unhandledRejection:  [TypeError: _fs.promises.statfs is not a function]
 ⨯ unhandledRejection:  [TypeError: _fs.promises.statfs is not a function]
[TypeError: _fs.promises.statfs is not a function]
 ⨯ unhandledRejection:  [TypeError: _fs.promises.statfs is not a function]
 ⨯ unhandledRejection:  [TypeError: _fs.promises.statfs is not a function]
 ⨯ Failed to write image to cache 9nO8L7RGEIRYJmVhgR2DL5h0D3Uto2cePucGegenFBs [TypeError: _fs.promises.statfs is not a function]
[TypeError: _fs.promises.statfs is not a function]
 ⨯ unhandledRejection:  [TypeError: _fs.promises.statfs is not a function]
 ⨯ unhandledRejection:  [TypeError: _fs.promises.statfs is not a function]
 ⨯ Failed to write image to cache e-3J64mHSguGk_RrHDE9Kcnbkp5dU53EfM43V24CjQE [TypeError: _fs.promises.statfs is not a function]
[TypeError: _fs.promises.statfs is not a function]
 ⨯ unhandledRejection:  [TypeError: _fs.promises.statfs is not a function]
 ⨯ unhandledRejection:  [TypeError: _fs.promises.statfs is not a function]
[TypeError: _fs.promises.statfs is not a function]
 ⨯ unhandledRejection:  [TypeError: _fs.promises.statfs is not a function]
 ⨯ unhandledRejection:  [TypeError: _fs.promises.statfs is not a function]
 ⨯ Failed to write image to cache 9nO8L7RGEIRYJmVhgR2DL5h0D3Uto2cePucGegenFBs [TypeError: _fs.promises.statfs is not a function]
[TypeError: _fs.promises.statfs is not a function]
 ⨯ unhandledRejection:  [TypeError: _fs.promises.statfs is not a function]
 ⨯ unhandledRejection:  [TypeError: _fs.promises.statfs is not a function]
[TypeError: _fs.promises.statfs is not a function]
 ⨯ unhandledRejection:  [TypeError: _fs.promises.statfs is not a function]
 ⨯ unhandledRejection:  [TypeError: _fs.promises.statfs is not a function]
[TypeError: _fs.promises.statfs is not a function]
 ⨯ unhandledRejection:  [TypeError: _fs.promises.statfs is not a function]
 ⨯ unhandledRejection:  [TypeError: _fs.promises.statfs is not a function]
[TypeError: _fs.promises.statfs is not a function]
 ⨯ unhandledRejection:  [TypeError: _fs.promises.statfs is not a function]
 ⨯ unhandledRejection:  [TypeError: _fs.promises.statfs is not a function]
 ⨯ Failed to write image to cache 9nO8L7RGEIRYJmVhgR2DL5h0D3Uto2cePucGegenFBs [TypeError: _fs.promises.statfs is not a function]
[TypeError: _fs.promises.statfs is not a function]
 ⨯ unhandledRejection:  [TypeError: _fs.promises.statfs is not a function]
 ⨯ unhandledRejection:  [TypeError: _fs.promises.statfs is not a function]
[TypeError: _fs.promises.statfs is not a function]
 ⨯ unhandledRejection:  [TypeError: _fs.promises.statfs is not a function]
 ⨯ unhandledRejection:  [TypeError: _fs.promises.statfs is not a function]
 ⨯ Failed to write image to cache 9nO8L7RGEIRYJmVhgR2DL5h0D3Uto2cePucGegenFBs [TypeError: _fs.promises.statfs is not a function]
[TypeError: _fs.promises.statfs is not a function]
 ⨯ unhandledRejection:  [TypeError: _fs.promises.statfs is not a function]
 ⨯ unhandledRejection:  [TypeError: _fs.promises.statfs is not a function]
[TypeError: _fs.promises.statfs is not a function]
 ⨯ unhandledRejection:  [TypeError: _fs.promises.statfs is not a function]
 ⨯ unhandledRejection:  [TypeError: _fs.promises.statfs is not a function]
[TypeError: _fs.promises.statfs is not a function]
 ⨯ unhandledRejection:  [TypeError: _fs.promises.statfs is not a function]
 ⨯ unhandledRejection:  [TypeError: _fs.promises.statfs is not a function]
 ⨯ Failed to write image to cache e-3J64mHSguGk_RrHDE9Kcnbkp5dU53EfM43V24CjQE [TypeError: _fs.promises.statfs is not a function]
[TypeError: _fs.promises.statfs is not a function]
 ⨯ unhandledRejection:  [TypeError: _fs.promises.statfs is not a function]
 ⨯ unhandledRejection:  [TypeError: _fs.promises.statfs is not a function]
 ⨯ Failed to write image to cache 9nO8L7RGEIRYJmVhgR2DL5h0D3Uto2cePucGegenFBs [TypeError: _fs.promises.statfs is not a function]
[TypeError: _fs.promises.statfs is not a function]
 ⨯ unhandledRejection:  [TypeError: _fs.promises.statfs is not a function]
 ⨯ unhandledRejection:  [TypeError: _fs.promises.statfs is not a function]
[TypeError: _fs.promises.statfs is not a function]
 ⨯ unhandledRejection:  [TypeError: _fs.promises.statfs is not a function]
 ⨯ unhandledRejection:  [TypeError: _fs.promises.statfs is not a function]
 ⨯ Failed to write image to cache I_-7iuOfwmXRzhWAZ3Ko_I7tONjyY7Jjw5jdto1mzpw [TypeError: _fs.promises.statfs is not a function]
[TypeError: _fs.promises.statfs is not a function]
 ⨯ unhandledRejection:  [TypeError: _fs.promises.statfs is not a function]
 ⨯ unhandledRejection:  [TypeError: _fs.promises.statfs is not a function]
[TypeError: _fs.promises.statfs is not a function]
 ⨯ unhandledRejection:  [TypeError: _fs.promises.statfs is not a function]
 ⨯ unhandledRejection:  [TypeError: _fs.promises.statfs is not a function]
 ⨯ Failed to write image to cache h3gKLClnOd_dXiV-5tNXjB1zzOh_xaDAN7GGZR0aPV8 [TypeError: _fs.promises.statfs is not a function]
[TypeError: _fs.promises.statfs is not a function]
 ⨯ unhandledRejection:  [TypeError: _fs.promises.statfs is not a function]
 ⨯ unhandledRejection:  [TypeError: _fs.promises.statfs is not a function]
[TypeError: _fs.promises.statfs is not a function]
 ⨯ unhandledRejection:  [TypeError: _fs.promises.statfs is not a function]
 ⨯ unhandledRejection:  [TypeError: _fs.promises.statfs is not a function]
[TypeError: _fs.promises.statfs is not a function]
 ⨯ unhandledRejection:  [TypeError: _fs.promises.statfs is not a function]
 ⨯ unhandledRejection:  [TypeError: _fs.promises.statfs is not a function]
 ⨯ Failed to write image to cache h3gKLClnOd_dXiV-5tNXjB1zzOh_xaDAN7GGZR0aPV8 [TypeError: _fs.promises.statfs is not a function]
[TypeError: _fs.promises.statfs is not a function]
 ⨯ unhandledRejection:  [TypeError: _fs.promises.statfs is not a function]
 ⨯ unhandledRejection:  [TypeError: _fs.promises.statfs is not a function]
 ⨯ Failed to write image to cache I_-7iuOfwmXRzhWAZ3Ko_I7tONjyY7Jjw5jdto1mzpw [TypeError: _fs.promises.statfs is not a function]
[TypeError: _fs.promises.statfs is not a function]
 ⨯ unhandledRejection:  [TypeError: _fs.promises.statfs is not a function]
 ⨯ unhandledRejection:  [TypeError: _fs.promises.statfs is not a function]
[TypeError: _fs.promises.statfs is not a function]
 ⨯ unhandledRejection:  [TypeError: _fs.promises.statfs is not a function]
 ⨯ unhandledRejection:  [TypeError: _fs.promises.statfs is not a function]
 ⨯ Failed to write image to cache h3gKLClnOd_dXiV-5tNXjB1zzOh_xaDAN7GGZR0aPV8 [TypeError: _fs.promises.statfs is not a function]
[TypeError: _fs.promises.statfs is not a function]
 ⨯ unhandledRejection:  [TypeError: _fs.promises.statfs is not a function]
 ⨯ unhandledRejection:  [TypeError: _fs.promises.statfs is not a function]
[TypeError: _fs.promises.statfs is not a function]
 ⨯ unhandledRejection:  [TypeError: _fs.promises.statfs is not a function]
 ⨯ unhandledRejection:  [TypeError: _fs.promises.statfs is not a function]
 ⨯ Failed to write image to cache e-3J64mHSguGk_RrHDE9Kcnbkp5dU53EfM43V24CjQE [TypeError: _fs.promises.statfs is not a function]
[TypeError: _fs.promises.statfs is not a function]
 ⨯ unhandledRejection:  [TypeError: _fs.promises.statfs is not a function]
 ⨯ unhandledRejection:  [TypeError: _fs.promises.statfs is not a function]
[TypeError: _fs.promises.statfs is not a function]
 ⨯ unhandledRejection:  [TypeError: _fs.promises.statfs is not a function]
 ⨯ unhandledRejection:  [TypeError: _fs.promises.statfs is not a function]
 ⨯ Failed to write image to cache 9nO8L7RGEIRYJmVhgR2DL5h0D3Uto2cePucGegenFBs [TypeError: _fs.promises.statfs is not a function]
[TypeError: _fs.promises.statfs is not a function]
 ⨯ unhandledRejection:  [TypeError: _fs.promises.statfs is not a function]
 ⨯ unhandledRejection:  [TypeError: _fs.promises.statfs is not a function]
[TypeError: _fs.promises.statfs is not a function]
 ⨯ unhandledRejection:  [TypeError: _fs.promises.statfs is not a function]
 ⨯ unhandledRejection:  [TypeError: _fs.promises.statfs is not a function]
[TypeError: _fs.promises.statfs is not a function]
 ⨯ unhandledRejection:  [TypeError: _fs.promises.statfs is not a function]
 ⨯ unhandledRejection:  [TypeError: _fs.promises.statfs is not a function]
[TypeError: _fs.promises.statfs is not a function]
 ⨯ unhandledRejection:  [TypeError: _fs.promises.statfs is not a function]
 ⨯ unhandledRejection:  [TypeError: _fs.promises.statfs is not a function]
 ⨯ Failed to write image to cache 9nO8L7RGEIRYJmVhgR2DL5h0D3Uto2cePucGegenFBs [TypeError: _fs.promises.statfs is not a function]
[TypeError: _fs.promises.statfs is not a function]
 ⨯ unhandledRejection:  [TypeError: _fs.promises.statfs is not a function]
 ⨯ unhandledRejection:  [TypeError: _fs.promises.statfs is not a function]
 ⨯ Failed to write image to cache 9nO8L7RGEIRYJmVhgR2DL5h0D3Uto2cePucGegenFBs [TypeError: _fs.promises.statfs is not a function]
[TypeError: _fs.promises.statfs is not a function]
 ⨯ unhandledRejection:  [TypeError: _fs.promises.statfs is not a function]
 ⨯ unhandledRejection:  [TypeError: _fs.promises.statfs is not a function]
[TypeError: _fs.promises.statfs is not a function]
 ⨯ unhandledRejection:  [TypeError: _fs.promises.statfs is not a function]
 ⨯ unhandledRejection:  [TypeError: _fs.promises.statfs is not a function]
 ⨯ Failed to write image to cache 9nO8L7RGEIRYJmVhgR2DL5h0D3Uto2cePucGegenFBs [TypeError: _fs.promises.statfs is not a function]
 ⨯ [Error: Failed to load static file for page: /404 ENOENT: no such file or directory, open '/home/fertilem/creativeidea.lk/.next/server/pages/404.html']
 ⨯ [Error: Failed to load static file for page: /404 ENOENT: no such file or directory, open '/home/fertilem/creativeidea.lk/.next/server/pages/404.html']
 ⨯ [Error: Failed to load static file for page: /404 ENOENT: no such file or directory, open '/home/fertilem/creativeidea.lk/.next/server/pages/404.html']
